../Core/Src/hal_config.c:16:6:HAL_MoveMotorUp	8	static
../Core/Src/hal_config.c:25:6:HAL_MoveMotorDown	8	static
../Core/Src/hal_config.c:34:6:HAL_StopMotor	8	static
../Core/Src/hal_config.c:43:6:HAL_OpenDoor	8	static
../Core/Src/hal_config.c:50:6:HAL_CloseDoor	8	static
../Core/Src/hal_config.c:57:6:HAL_StopDoor	8	static
../Core/Src/hal_config.c:64:6:HAL_ActivateAlarm	8	static
../Core/Src/hal_config.c:70:6:HAL_DeactivateAlarm	8	static
../Core/Src/hal_config.c:76:6:HAL_ActivatePhoneRing	8	static
../Core/Src/hal_config.c:82:6:HAL_DeactivatePhoneRing	8	static
../Core/Src/hal_config.c:88:6:HAL_ControlVentilation	16	static
../Core/Src/hal_config.c:99:9:HAL_IsAlarmButtonPressed	8	static
../Core/Src/hal_config.c:104:9:HAL_IsPhoneButtonPressed	8	static
../Core/Src/hal_config.c:109:9:HAL_IsDoorOpenButtonPressed	8	static
../Core/Src/hal_config.c:114:9:HAL_IsDoorCloseButtonPressed	8	static
../Core/Src/hal_config.c:119:9:HAL_IsVentilationButtonPressed	8	static
../Core/Src/hal_config.c:124:9:HAL_IsFloorButtonPressed	24	static
../Core/Src/hal_config.c:156:9:HAL_IsAtFloor	24	static
../Core/Src/hal_config.c:188:9:HAL_IsDoorOpen	8	static
../Core/Src/hal_config.c:193:9:HAL_IsDoorClosed	8	static
../Core/Src/hal_config.c:198:9:HAL_IsDoorObstacleDetected	8	static
../Core/Src/hal_config.c:204:6:HAL_BlinkOverloadLED	16	static
../Core/Src/hal_config.c:210:10:HAL_ReadLoadSensor	8	static
../Core/Src/hal_config.c:219:9:HAL_IsOverloadDetected	8	static
