Archive member included to satisfy reference by file (symbol)

C:/ST/STM32CubeIDE_1.12.1/STM32CubeIDE/plugins/com.st.stm32cube.ide.mcu.externaltools.gnu-tools-for-stm32.13.3.rel1.win32_1.0.0.202411081344/tools/bin/../lib/gcc/arm-none-eabi/13.3.1/../../../../arm-none-eabi/lib/thumb/v6-m/nofp\libc_nano.a(libc_a-exit.o)
                              C:/ST/STM32CubeIDE_1.12.1/STM32CubeIDE/plugins/com.st.stm32cube.ide.mcu.externaltools.gnu-tools-for-stm32.13.3.rel1.win32_1.0.0.202411081344/tools/bin/../lib/gcc/arm-none-eabi/13.3.1/../../../../arm-none-eabi/lib/thumb/v6-m/nofp/crt0.o (exit)
C:/ST/STM32CubeIDE_1.12.1/STM32CubeIDE/plugins/com.st.stm32cube.ide.mcu.externaltools.gnu-tools-for-stm32.13.3.rel1.win32_1.0.0.202411081344/tools/bin/../lib/gcc/arm-none-eabi/13.3.1/../../../../arm-none-eabi/lib/thumb/v6-m/nofp\libc_nano.a(libc_a-findfp.o)
                              C:/ST/STM32CubeIDE_1.12.1/STM32CubeIDE/plugins/com.st.stm32cube.ide.mcu.externaltools.gnu-tools-for-stm32.13.3.rel1.win32_1.0.0.202411081344/tools/bin/../lib/gcc/arm-none-eabi/13.3.1/../../../../arm-none-eabi/lib/thumb/v6-m/nofp\libc_nano.a(libc_a-exit.o) (__stdio_exit_handler)
C:/ST/STM32CubeIDE_1.12.1/STM32CubeIDE/plugins/com.st.stm32cube.ide.mcu.externaltools.gnu-tools-for-stm32.13.3.rel1.win32_1.0.0.202411081344/tools/bin/../lib/gcc/arm-none-eabi/13.3.1/../../../../arm-none-eabi/lib/thumb/v6-m/nofp\libc_nano.a(libc_a-fwalk.o)
                              C:/ST/STM32CubeIDE_1.12.1/STM32CubeIDE/plugins/com.st.stm32cube.ide.mcu.externaltools.gnu-tools-for-stm32.13.3.rel1.win32_1.0.0.202411081344/tools/bin/../lib/gcc/arm-none-eabi/13.3.1/../../../../arm-none-eabi/lib/thumb/v6-m/nofp\libc_nano.a(libc_a-findfp.o) (_fwalk_sglue)
C:/ST/STM32CubeIDE_1.12.1/STM32CubeIDE/plugins/com.st.stm32cube.ide.mcu.externaltools.gnu-tools-for-stm32.13.3.rel1.win32_1.0.0.202411081344/tools/bin/../lib/gcc/arm-none-eabi/13.3.1/../../../../arm-none-eabi/lib/thumb/v6-m/nofp\libc_nano.a(libc_a-stdio.o)
                              C:/ST/STM32CubeIDE_1.12.1/STM32CubeIDE/plugins/com.st.stm32cube.ide.mcu.externaltools.gnu-tools-for-stm32.13.3.rel1.win32_1.0.0.202411081344/tools/bin/../lib/gcc/arm-none-eabi/13.3.1/../../../../arm-none-eabi/lib/thumb/v6-m/nofp\libc_nano.a(libc_a-findfp.o) (__sread)
C:/ST/STM32CubeIDE_1.12.1/STM32CubeIDE/plugins/com.st.stm32cube.ide.mcu.externaltools.gnu-tools-for-stm32.13.3.rel1.win32_1.0.0.202411081344/tools/bin/../lib/gcc/arm-none-eabi/13.3.1/../../../../arm-none-eabi/lib/thumb/v6-m/nofp\libc_nano.a(libc_a-memset.o)
                              C:/ST/STM32CubeIDE_1.12.1/STM32CubeIDE/plugins/com.st.stm32cube.ide.mcu.externaltools.gnu-tools-for-stm32.13.3.rel1.win32_1.0.0.202411081344/tools/bin/../lib/gcc/arm-none-eabi/13.3.1/../../../../arm-none-eabi/lib/thumb/v6-m/nofp/crt0.o (memset)
C:/ST/STM32CubeIDE_1.12.1/STM32CubeIDE/plugins/com.st.stm32cube.ide.mcu.externaltools.gnu-tools-for-stm32.13.3.rel1.win32_1.0.0.202411081344/tools/bin/../lib/gcc/arm-none-eabi/13.3.1/../../../../arm-none-eabi/lib/thumb/v6-m/nofp\libc_nano.a(libc_a-closer.o)
                              C:/ST/STM32CubeIDE_1.12.1/STM32CubeIDE/plugins/com.st.stm32cube.ide.mcu.externaltools.gnu-tools-for-stm32.13.3.rel1.win32_1.0.0.202411081344/tools/bin/../lib/gcc/arm-none-eabi/13.3.1/../../../../arm-none-eabi/lib/thumb/v6-m/nofp\libc_nano.a(libc_a-stdio.o) (_close_r)
C:/ST/STM32CubeIDE_1.12.1/STM32CubeIDE/plugins/com.st.stm32cube.ide.mcu.externaltools.gnu-tools-for-stm32.13.3.rel1.win32_1.0.0.202411081344/tools/bin/../lib/gcc/arm-none-eabi/13.3.1/../../../../arm-none-eabi/lib/thumb/v6-m/nofp\libc_nano.a(libc_a-reent.o)
                              C:/ST/STM32CubeIDE_1.12.1/STM32CubeIDE/plugins/com.st.stm32cube.ide.mcu.externaltools.gnu-tools-for-stm32.13.3.rel1.win32_1.0.0.202411081344/tools/bin/../lib/gcc/arm-none-eabi/13.3.1/../../../../arm-none-eabi/lib/thumb/v6-m/nofp\libc_nano.a(libc_a-closer.o) (errno)
C:/ST/STM32CubeIDE_1.12.1/STM32CubeIDE/plugins/com.st.stm32cube.ide.mcu.externaltools.gnu-tools-for-stm32.13.3.rel1.win32_1.0.0.202411081344/tools/bin/../lib/gcc/arm-none-eabi/13.3.1/../../../../arm-none-eabi/lib/thumb/v6-m/nofp\libc_nano.a(libc_a-impure.o)
                              C:/ST/STM32CubeIDE_1.12.1/STM32CubeIDE/plugins/com.st.stm32cube.ide.mcu.externaltools.gnu-tools-for-stm32.13.3.rel1.win32_1.0.0.202411081344/tools/bin/../lib/gcc/arm-none-eabi/13.3.1/../../../../arm-none-eabi/lib/thumb/v6-m/nofp\libc_nano.a(libc_a-reent.o) (_impure_ptr)
C:/ST/STM32CubeIDE_1.12.1/STM32CubeIDE/plugins/com.st.stm32cube.ide.mcu.externaltools.gnu-tools-for-stm32.13.3.rel1.win32_1.0.0.202411081344/tools/bin/../lib/gcc/arm-none-eabi/13.3.1/../../../../arm-none-eabi/lib/thumb/v6-m/nofp\libc_nano.a(libc_a-lseekr.o)
[...]
Memory Configuration

Name             Origin             Length             Attributes
RAM              0x20000000         0x00002000         xrw
FLASH            0x08000000         0x00010000         xr
*default*        0x00000000         0xffffffff

Linker script and memory map

LOAD C:/ST/STM32CubeIDE_1.12.1/STM32CubeIDE/plugins/com.st.stm32cube.ide.mcu.externaltools.gnu-tools-for-stm32.13.3.rel1.win32_1.0.0.202411081344/tools/bin/../lib/gcc/arm-none-eabi/13.3.1/thumb/v6-m/nofp/crti.o
LOAD C:/ST/STM32CubeIDE_1.12.1/STM32CubeIDE/plugins/com.st.stm32cube.ide.mcu.externaltools.gnu-tools-for-stm32.13.3.rel1.win32_1.0.0.202411081344/tools/bin/../lib/gcc/arm-none-eabi/13.3.1/thumb/v6-m/nofp/crtbegin.o
LOAD C:/ST/STM32CubeIDE_1.12.1/STM32CubeIDE/plugins/com.st.stm32cube.ide.mcu.externaltools.gnu-tools-for-stm32.13.3.rel1.win32_1.0.0.202411081344/tools/bin/../lib/gcc/arm-none-eabi/13.3.1/../../../../arm-none-eabi/lib/thumb/v6-m/nofp/crt0.o
LOAD ./Core/Src/elevator.o
LOAD ./Core/Src/hal_config.o
LOAD ./Core/Src/main.o
LOAD ./Core/Src/stm32g0xx_hal_msp.o
LOAD ./Core/Src/stm32g0xx_it.o
LOAD ./Core/Src/syscalls.o
LOAD ./Core/Src/sysmem.o
LOAD ./Core/Src/system_stm32g0xx.o
LOAD ./Core/Startup/startup_stm32g030c8tx.o
LOAD ./Drivers/STM32G0xx_HAL_Driver/Src/stm32g0xx_hal.o
LOAD ./Drivers/STM32G0xx_HAL_Driver/Src/stm32g0xx_hal_adc.o
LOAD ./Drivers/STM32G0xx_HAL_Driver/Src/stm32g0xx_hal_adc_ex.o
LOAD ./Drivers/STM32G0xx_HAL_Driver/Src/stm32g0xx_hal_cortex.o
LOAD ./Drivers/STM32G0xx_HAL_Driver/Src/stm32g0xx_hal_dma.o
LOAD ./Drivers/STM32G0xx_HAL_Driver/Src/stm32g0xx_hal_dma_ex.o
LOAD ./Drivers/STM32G0xx_HAL_Driver/Src/stm32g0xx_hal_exti.o
LOAD ./Drivers/STM32G0xx_HAL_Driver/Src/stm32g0xx_hal_flash.o
LOAD ./Drivers/STM32G0xx_HAL_Driver/Src/stm32g0xx_hal_flash_ex.o
LOAD ./Drivers/STM32G0xx_HAL_Driver/Src/stm32g0xx_hal_gpio.o
LOAD ./Drivers/STM32G0xx_HAL_Driver/Src/stm32g0xx_hal_pwr.o
LOAD ./Drivers/STM32G0xx_HAL_Driver/Src/stm32g0xx_hal_pwr_ex.o
LOAD ./Drivers/STM32G0xx_HAL_Driver/Src/stm32g0xx_hal_rcc.o
LOAD ./Drivers/STM32G0xx_HAL_Driver/Src/stm32g0xx_hal_rcc_ex.o
LOAD ./Drivers/STM32G0xx_HAL_Driver/Src/stm32g0xx_hal_tim.o
LOAD ./Drivers/STM32G0xx_HAL_Driver/Src/stm32g0xx_hal_tim_ex.o
LOAD ./Drivers/STM32G0xx_HAL_Driver/Src/stm32g0xx_ll_adc.o
LOAD ./Drivers/STM32G0xx_HAL_Driver/Src/stm32g0xx_ll_rcc.o
START GROUP
LOAD C:/ST/STM32CubeIDE_1.12.1/STM32CubeIDE/plugins/com.st.stm32cube.ide.mcu.externaltools.gnu-tools-for-stm32.13.3.rel1.win32_1.0.0.202411081344/tools/bin/../lib/gcc/arm-none-eabi/13.3.1/../../../../arm-none-eabi/lib/thumb/v6-m/nofp\libc_nano.a
LOAD C:/ST/STM32CubeIDE_1.12.1/STM32CubeIDE/plugins/com.st.stm32cube.ide.mcu.externaltools.gnu-tools-for-stm32.13.3.rel1.win32_1.0.0.202411081344/tools/bin/../lib/gcc/arm-none-eabi/13.3.1/../../../../arm-none-eabi/lib/thumb/v6-m/nofp\libm.a
END GROUP
START GROUP
LOAD C:/ST/STM32CubeIDE_1.12.1/STM32CubeIDE/plugins/com.st.stm32cube.ide.mcu.externaltools.gnu-tools-for-stm32.13.3.rel1.win32_1.0.0.202411081344/tools/bin/../lib/gcc/arm-none-eabi/13.3.1/thumb/v6-m/nofp\libgcc.a
LOAD C:/ST/STM32CubeIDE_1.12.1/STM32CubeIDE/plugins/com.st.stm32cube.ide.mcu.externaltools.gnu-tools-for-stm32.13.3.rel1.win32_1.0.0.202411081344/tools/bin/../lib/gcc/arm-none-eabi/13.3.1/../../../../arm-none-eabi/lib/thumb/v6-m/nofp\libc_nano.a
END GROUP
START GROUP
LOAD C:/ST/STM32CubeIDE_1.12.1/STM32CubeIDE/plugins/com.st.stm32cube.ide.mcu.externaltools.gnu-tools-for-stm32.13.3.rel1.win32_1.0.0.202411081344/tools/bin/../lib/gcc/arm-none-eabi/13.3.1/thumb/v6-m/nofp\libgcc.a
LOAD C:/ST/STM32CubeIDE_1.12.1/STM32CubeIDE/plugins/com.st.stm32cube.ide.mcu.externaltools.gnu-tools-for-stm32.13.3.rel1.win32_1.0.0.202411081344/tools/bin/../lib/gcc/arm-none-eabi/13.3.1/../../../../arm-none-eabi/lib/thumb/v6-m/nofp\libc_nano.a
LOAD C:/ST/STM32CubeIDE_1.12.1/STM32CubeIDE/plugins/com.st.stm32cube.ide.mcu.externaltools.gnu-tools-for-stm32.13.3.rel1.win32_1.0.0.202411081344/tools/bin/../lib/gcc/arm-none-eabi/13.3.1/../../../../arm-none-eabi/lib/thumb/v6-m/nofp\libnosys.a
END GROUP
START GROUP
LOAD C:/ST/STM32CubeIDE_1.12.1/STM32CubeIDE/plugins/com.st.stm32cube.ide.mcu.externaltools.gnu-tools-for-stm32.13.3.rel1.win32_1.0.0.202411081344/tools/bin/../lib/gcc/arm-none-eabi/13.3.1/thumb/v6-m/nofp\libgcc.a
LOAD C:/ST/STM32CubeIDE_1.12.1/STM32CubeIDE/plugins/com.st.stm32cube.ide.mcu.externaltools.gnu-tools-for-stm32.13.3.rel1.win32_1.0.0.202411081344/tools/bin/../lib/gcc/arm-none-eabi/13.3.1/../../../../arm-none-eabi/lib/thumb/v6-m/nofp\libc_nano.a
LOAD C:/ST/STM32CubeIDE_1.12.1/STM32CubeIDE/plugins/com.st.stm32cube.ide.mcu.externaltools.gnu-tools-for-stm32.13.3.rel1.win32_1.0.0.202411081344/tools/bin/../lib/gcc/arm-none-eabi/13.3.1/../../../../arm-none-eabi/lib/thumb/v6-m/nofp\libnosys.a
END GROUP
LOAD C:/ST/STM32CubeIDE_1.12.1/STM32CubeIDE/plugins/com.st.stm32cube.ide.mcu.externaltools.gnu-tools-for-stm32.13.3.rel1.win32_1.0.0.202411081344/tools/bin/../lib/gcc/arm-none-eabi/13.3.1/thumb/v6-m/nofp/crtend.o
LOAD C:/ST/STM32CubeIDE_1.12.1/STM32CubeIDE/plugins/com.st.stm32cube.ide.mcu.externaltools.gnu-tools-for-stm32.13.3.rel1.win32_1.0.0.202411081344/tools/bin/../lib/gcc/arm-none-eabi/13.3.1/thumb/v6-m/nofp/crtn.o
                0x20002000                        _estack = (ORIGIN (RAM) + LENGTH (RAM))
                0x00000200                        _Min_Heap_Size = 0x200
                0x00000400                        _Min_Stack_Size = 0x400

.isr_vector     0x08000000       0xb8
                0x08000000                        . = ALIGN (0x4)
 *(.isr_vector)
 .isr_vector    0x08000000       0xb8 ./Core/Startup/startup_stm32g030c8tx.o
                0x08000000                g_pfnVectors
                0x080000b8                        . = ALIGN (0x4)

.text           0x080000b8     0x3d64
                0x080000b8                        . = ALIGN (0x4)
 *(.text)
 .text          0x080000b8       0x48 C:/ST/STM32CubeIDE_1.12.1/STM32CubeIDE/plugins/com.st.stm32cube.ide.mcu.externaltools.gnu-tools-for-stm32.13.3.rel1.win32_1.0.0.202411081344/tools/bin/../lib/gcc/arm-none-eabi/13.3.1/thumb/v6-m/nofp/crtbegin.o
 .text          0x08000100      0x114 C:/ST/STM32CubeIDE_1.12.1/STM32CubeIDE/plugins/com.st.stm32cube.ide.mcu.externaltools.gnu-tools-for-stm32.13.3.rel1.win32_1.0.0.202411081344/tools/bin/../lib/gcc/arm-none-eabi/13.3.1/thumb/v6-m/nofp\libgcc.a(_udivsi3.o)
                0x08000100                __aeabi_uidiv
                0x08000100                __udivsi3
                0x0800020c                __aeabi_uidivmod
 .text          0x08000214        0x4 C:/ST/STM32CubeIDE_1.12.1/STM32CubeIDE/plugins/com.st.stm32cube.ide.mcu.externaltools.gnu-tools-for-stm32.13.3.rel1.win32_1.0.0.202411081344/tools/bin/../lib/gcc/arm-none-eabi/13.3.1/thumb/v6-m/nofp\libgcc.a(_dvmd_tls.o)
                0x08000214                __aeabi_idiv0
                0x08000214                __aeabi_ldiv0
 *(.text*)
 .text.ELEVATOR_Init
                0x08000218       0x54 ./Core/Src/elevator.o
                0x08000218                ELEVATOR_Init
 .text.ELEVATOR_MainLoop
                0x0800026c      0x164 ./Core/Src/elevator.o
                0x0800026c                ELEVATOR_MainLoop
 .text.ELEVATOR_ProcessCalls
                0x080003d0       0xa4 ./Core/Src/elevator.o
                0x080003d0                ELEVATOR_ProcessCalls
 .text.ELEVATOR_UpdateState
                0x08000474       0x60 ./Core/Src/elevator.o
                0x08000474                ELEVATOR_UpdateState
 .text.ELEVATOR_HandleOverload
                0x080004d4       0x34 ./Core/Src/elevator.o
                0x080004d4                ELEVATOR_HandleOverload
 .text.ELEVATOR_ClearOverload
                0x08000508       0x30 ./Core/Src/elevator.o
                0x08000508                ELEVATOR_ClearOverload
 .text.HAL_MoveMotorUp
                0x08000538       0x34 ./Core/Src/hal_config.o
                0x08000538                HAL_MoveMotorUp
 .text.HAL_MoveMotorDown
                0x0800056c       0x34 ./Core/Src/hal_config.o
                0x0800056c                HAL_MoveMotorDown
 .text.HAL_StopMotor
                0x080005a0       0x34 ./Core/Src/hal_config.o
                0x080005a0                HAL_StopMotor
 .text.HAL_OpenDoor
                0x080005d4       0x2c ./Core/Src/hal_config.o
                0x080005d4                HAL_OpenDoor
 .text.HAL_CloseDoor
                0x08000600       0x2c ./Core/Src/hal_config.o
                0x08000600                HAL_CloseDoor
 .text.HAL_ActivateAlarm
                0x0800062c       0x1c ./Core/Src/hal_config.o
                0x0800062c                HAL_ActivateAlarm
 .text.HAL_DeactivateAlarm
                0x08000648       0x1c ./Core/Src/hal_config.o
                0x08000648                HAL_DeactivateAlarm
 .text.HAL_ActivatePhoneRing
                0x08000664       0x1c ./Core/Src/hal_config.o
                0x08000664                HAL_ActivatePhoneRing
 .text.HAL_DeactivatePhoneRing
                0x08000680       0x1c ./Core/Src/hal_config.o
                0x08000680                HAL_DeactivatePhoneRing
 .text.HAL_IsAlarmButtonPressed
                0x0800069c       0x1e ./Core/Src/hal_config.o
                0x0800069c                HAL_IsAlarmButtonPressed
 *fill*         0x080006ba        0x2 
 .text.HAL_IsPhoneButtonPressed
                0x080006bc       0x20 ./Core/Src/hal_config.o
                0x080006bc                HAL_IsPhoneButtonPressed
 .text.HAL_IsDoorOpenButtonPressed
                0x080006dc       0x1e ./Core/Src/hal_config.o
                0x080006dc                HAL_IsDoorOpenButtonPressed
 *fill*         0x080006fa        0x2 
 .text.HAL_IsDoorCloseButtonPressed
                0x080006fc       0x24 ./Core/Src/hal_config.o
                0x080006fc                HAL_IsDoorCloseButtonPressed
 .text.HAL_IsAtFloor
                0x08000720       0xa8 ./Core/Src/hal_config.o
                0x08000720                HAL_IsAtFloor
 .text.HAL_IsDoorOpen
                0x080007c8       0x28 ./Core/Src/hal_config.o
                0x080007c8                HAL_IsDoorOpen
 .text.HAL_IsDoorClosed
                0x080007f0       0x28 ./Core/Src/hal_config.o
                0x080007f0                HAL_IsDoorClosed
 .text.HAL_IsDoorObstacleDetected
                0x08000818       0x24 ./Core/Src/hal_config.o
                0x08000818                HAL_IsDoorObstacleDetected
 .text.HAL_BlinkOverloadLED
                0x0800083c       0x30 ./Core/Src/hal_config.o
                0x0800083c                HAL_BlinkOverloadLED
 .text.HAL_ReadLoadSensor
                0x0800086c       0x30 ./Core/Src/hal_config.o
                0x0800086c                HAL_ReadLoadSensor
 .text.HAL_IsOverloadDetected
                0x0800089c       0x20 ./Core/Src/hal_config.o
                0x0800089c                HAL_IsOverloadDetected
 .text.main     0x080008bc       0x44 ./Core/Src/main.o
                0x080008bc                main
 .text.SystemClock_Config
                0x08000900       0xb4 ./Core/Src/main.o
                0x08000900                SystemClock_Config
 .text.MX_ADC1_Init
                0x080009b4       0xd8 ./Core/Src/main.o
 .text.MX_TIM1_Init
                0x08000a8c      0x198 ./Core/Src/main.o
 .text.MX_GPIO_Init
                0x08000c24      0x210 ./Core/Src/main.o
 .text.Error_Handler
                0x08000e34        0xc ./Core/Src/main.o
                0x08000e34                Error_Handler
 .text.HAL_MspInit
                0x08000e40       0x48 ./Core/Src/stm32g0xx_hal_msp.o
                0x08000e40                HAL_MspInit
 .text.HAL_ADC_MspInit
                0x08000e88       0x88 ./Core/Src/stm32g0xx_hal_msp.o
                0x08000e88                HAL_ADC_MspInit
 .text.HAL_TIM_Base_MspInit
                0x08000f10       0x40 ./Core/Src/stm32g0xx_hal_msp.o
                0x08000f10                HAL_TIM_Base_MspInit
 .text.HAL_TIM_MspPostInit
                0x08000f50       0x7c ./Core/Src/stm32g0xx_hal_msp.o
                0x08000f50                HAL_TIM_MspPostInit
 .text.NMI_Handler
                0x08000fcc        0x8 ./Core/Src/stm32g0xx_it.o
                0x08000fcc                NMI_Handler
 .text.HardFault_Handler
                0x08000fd4        0x8 ./Core/Src/stm32g0xx_it.o
                0x08000fd4                HardFault_Handler
 .text.SVC_Handler
                0x08000fdc        0xa ./Core/Src/stm32g0xx_it.o
                0x08000fdc                SVC_Handler
 .text.PendSV_Handler
                0x08000fe6        0xa ./Core/Src/stm32g0xx_it.o
                0x08000fe6                PendSV_Handler
 .text.SysTick_Handler
                0x08000ff0        0xe ./Core/Src/stm32g0xx_it.o
                0x08000ff0                SysTick_Handler
 .text.EXTI0_1_IRQHandler
                0x08000ffe       0x16 ./Core/Src/stm32g0xx_it.o
                0x08000ffe                EXTI0_1_IRQHandler
 .text.EXTI2_3_IRQHandler
                0x08001014       0x16 ./Core/Src/stm32g0xx_it.o
                0x08001014                EXTI2_3_IRQHandler
 .text.EXTI4_15_IRQHandler
                0x0800102a       0x72 ./Core/Src/stm32g0xx_it.o
                0x0800102a                EXTI4_15_IRQHandler
 .text.SystemInit
                0x0800109c        0xa ./Core/Src/system_stm32g0xx.o
                0x0800109c                SystemInit
 *fill*         0x080010a6        0x2 
 .text.Reset_Handler
                0x080010a8       0x50 ./Core/Startup/startup_stm32g030c8tx.o
                0x080010a8                Reset_Handler
 .text.Default_Handler
                0x080010f8        0x2 ./Core/Startup/startup_stm32g030c8tx.o
                0x080010f8                TIM1_CC_IRQHandler
                0x080010f8                I2C1_IRQHandler
                0x080010f8                RTC_TAMP_IRQHandler
                0x080010f8                SPI1_IRQHandler
                0x080010f8                DMA1_Ch4_5_DMAMUX1_OVR_IRQHandler
                0x080010f8                ADC1_IRQHandler
                0x080010f8                I2C2_IRQHandler
                0x080010f8                TIM17_IRQHandler
                0x080010f8                TIM16_IRQHandler
                0x080010f8                TIM3_IRQHandler
                0x080010f8                RCC_IRQHandler
                0x080010f8                DMA1_Channel1_IRQHandler
                0x080010f8                Default_Handler
                0x080010f8                TIM14_IRQHandler
                0x080010f8                SPI2_IRQHandler
                0x080010f8                WWDG_IRQHandler
                0x080010f8                DMA1_Channel2_3_IRQHandler
                0x080010f8                USART2_IRQHandler
                0x080010f8                FLASH_IRQHandler
                0x080010f8                USART1_IRQHandler
                0x080010f8                TIM1_BRK_UP_TRG_COM_IRQHandler
 *fill*         0x080010fa        0x2 
 .text.HAL_Init
                0x080010fc       0x40 ./Drivers/STM32G0xx_HAL_Driver/Src/stm32g0xx_hal.o
                0x080010fc                HAL_Init
 .text.HAL_InitTick
                0x0800113c       0x94 ./Drivers/STM32G0xx_HAL_Driver/Src/stm32g0xx_hal.o
                0x0800113c                HAL_InitTick
 .text.HAL_IncTick
                0x080011d0       0x24 ./Drivers/STM32G0xx_HAL_Driver/Src/stm32g0xx_hal.o
                0x080011d0                HAL_IncTick
 .text.HAL_GetTick
                0x080011f4       0x14 ./Drivers/STM32G0xx_HAL_Driver/Src/stm32g0xx_hal.o
                0x080011f4                HAL_GetTick
 .text.LL_ADC_SetCommonPathInternalCh
                0x08001208       0x28 ./Drivers/STM32G0xx_HAL_Driver/Src/stm32g0xx_hal_adc.o
 .text.LL_ADC_GetCommonPathInternalCh
                0x08001230       0x1a ./Drivers/STM32G0xx_HAL_Driver/Src/stm32g0xx_hal_adc.o
 .text.LL_ADC_SetSamplingTimeCommonChannels
                0x0800124a       0x3a ./Drivers/STM32G0xx_HAL_Driver/Src/stm32g0xx_hal_adc.o
 .text.LL_ADC_GetSamplingTimeCommonChannels
                0x08001284       0x2e ./Drivers/STM32G0xx_HAL_Driver/Src/stm32g0xx_hal_adc.o
 .text.LL_ADC_REG_IsTriggerSourceSWStart
                0x080012b2       0x22 ./Drivers/STM32G0xx_HAL_Driver/Src/stm32g0xx_hal_adc.o
 .text.LL_ADC_REG_SetSequencerRanks
                0x080012d4       0x40 ./Drivers/STM32G0xx_HAL_Driver/Src/stm32g0xx_hal_adc.o
 .text.LL_ADC_REG_SetSequencerChAdd
                0x08001314       0x22 ./Drivers/STM32G0xx_HAL_Driver/Src/stm32g0xx_hal_adc.o
 .text.LL_ADC_REG_SetSequencerChRem
                0x08001336       0x24 ./Drivers/STM32G0xx_HAL_Driver/Src/stm32g0xx_hal_adc.o
 *fill*         0x0800135a        0x2 
 .text.LL_ADC_SetChannelSamplingTime
                0x0800135c       0x38 ./Drivers/STM32G0xx_HAL_Driver/Src/stm32g0xx_hal_adc.o
 .text.LL_ADC_EnableInternalRegulator
                0x08001394       0x28 ./Drivers/STM32G0xx_HAL_Driver/Src/stm32g0xx_hal_adc.o
 .text.LL_ADC_IsInternalRegulatorEnabled
                0x080013bc       0x28 ./Drivers/STM32G0xx_HAL_Driver/Src/stm32g0xx_hal_adc.o
 .text.LL_ADC_Enable
                0x080013e4       0x24 ./Drivers/STM32G0xx_HAL_Driver/Src/stm32g0xx_hal_adc.o
 .text.LL_ADC_IsEnabled
                0x08001408       0x22 ./Drivers/STM32G0xx_HAL_Driver/Src/stm32g0xx_hal_adc.o
 *fill*         0x0800142a        0x2 
 .text.LL_ADC_REG_StartConversion
                0x0800142c       0x24 ./Drivers/STM32G0xx_HAL_Driver/Src/stm32g0xx_hal_adc.o
 .text.LL_ADC_REG_IsConversionOngoing
                0x08001450       0x22 ./Drivers/STM32G0xx_HAL_Driver/Src/stm32g0xx_hal_adc.o
 *fill*         0x08001472        0x2 
 .text.HAL_ADC_Init
                0x08001474      0x350 ./Drivers/STM32G0xx_HAL_Driver/Src/stm32g0xx_hal_adc.o
                0x08001474                HAL_ADC_Init
 .text.HAL_ADC_Start
                0x080017c4       0x9c ./Drivers/STM32G0xx_HAL_Driver/Src/stm32g0xx_hal_adc.o
                0x080017c4                HAL_ADC_Start
 .text.HAL_ADC_PollForConversion
                0x08001860      0x128 ./Drivers/STM32G0xx_HAL_Driver/Src/stm32g0xx_hal_adc.o
                0x08001860                HAL_ADC_PollForConversion
 .text.HAL_ADC_GetValue
                0x08001988       0x16 ./Drivers/STM32G0xx_HAL_Driver/Src/stm32g0xx_hal_adc.o
                0x08001988                HAL_ADC_GetValue
 *fill*         0x0800199e        0x2 
 .text.HAL_ADC_ConfigChannel
                0x080019a0      0x3b0 ./Drivers/STM32G0xx_HAL_Driver/Src/stm32g0xx_hal_adc.o
                0x080019a0                HAL_ADC_ConfigChannel
 .text.ADC_Enable
                0x08001d50      0x10c ./Drivers/STM32G0xx_HAL_Driver/Src/stm32g0xx_hal_adc.o
                0x08001d50                ADC_Enable
 .text.__NVIC_EnableIRQ
                0x08001e5c       0x34 ./Drivers/STM32G0xx_HAL_Driver/Src/stm32g0xx_hal_cortex.o
 .text.__NVIC_SetPriority
                0x08001e90       0xdc ./Drivers/STM32G0xx_HAL_Driver/Src/stm32g0xx_hal_cortex.o
 .text.SysTick_Config
                0x08001f6c       0x48 ./Drivers/STM32G0xx_HAL_Driver/Src/stm32g0xx_hal_cortex.o
 .text.HAL_NVIC_SetPriority
                0x08001fb4       0x2a ./Drivers/STM32G0xx_HAL_Driver/Src/stm32g0xx_hal_cortex.o
                0x08001fb4                HAL_NVIC_SetPriority
 .text.HAL_NVIC_EnableIRQ
                0x08001fde       0x20 ./Drivers/STM32G0xx_HAL_Driver/Src/stm32g0xx_hal_cortex.o
                0x08001fde                HAL_NVIC_EnableIRQ
 .text.HAL_SYSTICK_Config
                0x08001ffe       0x1a ./Drivers/STM32G0xx_HAL_Driver/Src/stm32g0xx_hal_cortex.o
                0x08001ffe                HAL_SYSTICK_Config
 .text.HAL_GPIO_Init
                0x08002018      0x2c8 ./Drivers/STM32G0xx_HAL_Driver/Src/stm32g0xx_hal_gpio.o
                0x08002018                HAL_GPIO_Init
 .text.HAL_GPIO_ReadPin
                0x080022e0       0x3a ./Drivers/STM32G0xx_HAL_Driver/Src/stm32g0xx_hal_gpio.o
                0x080022e0                HAL_GPIO_ReadPin
 .text.HAL_GPIO_WritePin
                0x0800231a       0x3a ./Drivers/STM32G0xx_HAL_Driver/Src/stm32g0xx_hal_gpio.o
                0x0800231a                HAL_GPIO_WritePin
 .text.HAL_GPIO_EXTI_IRQHandler
                0x08002354       0x54 ./Drivers/STM32G0xx_HAL_Driver/Src/stm32g0xx_hal_gpio.o
                0x08002354                HAL_GPIO_EXTI_IRQHandler
 .text.HAL_GPIO_EXTI_Rising_Callback
                0x080023a8       0x14 ./Drivers/STM32G0xx_HAL_Driver/Src/stm32g0xx_hal_gpio.o
                0x080023a8                HAL_GPIO_EXTI_Rising_Callback
 .text.HAL_GPIO_EXTI_Falling_Callback
                0x080023bc       0x14 ./Drivers/STM32G0xx_HAL_Driver/Src/stm32g0xx_hal_gpio.o
                0x080023bc                HAL_GPIO_EXTI_Falling_Callback
 .text.HAL_PWR_EnterSLEEPMode
                0x080023d0       0x6c ./Drivers/STM32G0xx_HAL_Driver/Src/stm32g0xx_hal_pwr.o
                0x080023d0                HAL_PWR_EnterSLEEPMode
 .text.HAL_PWREx_ControlVoltageScaling
                0x0800243c       0x80 ./Drivers/STM32G0xx_HAL_Driver/Src/stm32g0xx_hal_pwr_ex.o
                0x0800243c                HAL_PWREx_ControlVoltageScaling
 .text.HAL_PWREx_EnableLowPowerRunMode
                0x080024bc       0x1c ./Drivers/STM32G0xx_HAL_Driver/Src/stm32g0xx_hal_pwr_ex.o
                0x080024bc                HAL_PWREx_EnableLowPowerRunMode
 .text.HAL_PWREx_DisableLowPowerRunMode
                0x080024d8       0x6c ./Drivers/STM32G0xx_HAL_Driver/Src/stm32g0xx_hal_pwr_ex.o
                0x080024d8                HAL_PWREx_DisableLowPowerRunMode
 .text.HAL_RCC_OscConfig
                0x08002544      0x620 ./Drivers/STM32G0xx_HAL_Driver/Src/stm32g0xx_hal_rcc.o
                0x08002544                HAL_RCC_OscConfig
 .text.HAL_RCC_ClockConfig
                0x08002b64      0x210 ./Drivers/STM32G0xx_HAL_Driver/Src/stm32g0xx_hal_rcc.o
                0x08002b64                HAL_RCC_ClockConfig
 .text.HAL_RCC_GetSysClockFreq
                0x08002d74      0x104 ./Drivers/STM32G0xx_HAL_Driver/Src/stm32g0xx_hal_rcc.o
                0x08002d74                HAL_RCC_GetSysClockFreq
 .text.HAL_TIM_Base_Init
                0x08002e78       0xb0 ./Drivers/STM32G0xx_HAL_Driver/Src/stm32g0xx_hal_tim.o
                0x08002e78                HAL_TIM_Base_Init
 .text.HAL_TIM_OC_Init
                0x08002f28       0xb0 ./Drivers/STM32G0xx_HAL_Driver/Src/stm32g0xx_hal_tim.o
                0x08002f28                HAL_TIM_OC_Init
 .text.HAL_TIM_OC_MspInit
                0x08002fd8       0x10 ./Drivers/STM32G0xx_HAL_Driver/Src/stm32g0xx_hal_tim.o
                0x08002fd8                HAL_TIM_OC_MspInit
 .text.HAL_TIM_PWM_Start
                0x08002fe8      0x1b0 ./Drivers/STM32G0xx_HAL_Driver/Src/stm32g0xx_hal_tim.o
                0x08002fe8                HAL_TIM_PWM_Start
 .text.HAL_TIM_OC_ConfigChannel
                0x08003198       0xc0 ./Drivers/STM32G0xx_HAL_Driver/Src/stm32g0xx_hal_tim.o
                0x08003198                HAL_TIM_OC_ConfigChannel
 .text.HAL_TIM_ConfigClockSource
                0x08003258      0x1ac ./Drivers/STM32G0xx_HAL_Driver/Src/stm32g0xx_hal_tim.o
                0x08003258                HAL_TIM_ConfigClockSource
 .text.TIM_Base_SetConfig
                0x08003404       0xf4 ./Drivers/STM32G0xx_HAL_Driver/Src/stm32g0xx_hal_tim.o
                0x08003404                TIM_Base_SetConfig
 .text.TIM_OC1_SetConfig
                0x080034f8      0x100 ./Drivers/STM32G0xx_HAL_Driver/Src/stm32g0xx_hal_tim.o
 .text.TIM_OC2_SetConfig
                0x080035f8       0xfc ./Drivers/STM32G0xx_HAL_Driver/Src/stm32g0xx_hal_tim.o
                0x080035f8                TIM_OC2_SetConfig
 .text.TIM_OC3_SetConfig
                0x080036f4      0x104 ./Drivers/STM32G0xx_HAL_Driver/Src/stm32g0xx_hal_tim.o
 .text.TIM_OC4_SetConfig
                0x080037f8       0xc8 ./Drivers/STM32G0xx_HAL_Driver/Src/stm32g0xx_hal_tim.o
 .text.TIM_OC5_SetConfig
                0x080038c0       0xb4 ./Drivers/STM32G0xx_HAL_Driver/Src/stm32g0xx_hal_tim.o
 .text.TIM_OC6_SetConfig
                0x08003974       0xbc ./Drivers/STM32G0xx_HAL_Driver/Src/stm32g0xx_hal_tim.o
 .text.TIM_TI1_ConfigInputStage
                0x08003a30       0x5c ./Drivers/STM32G0xx_HAL_Driver/Src/stm32g0xx_hal_tim.o
 .text.TIM_TI2_ConfigInputStage
                0x08003a8c       0x64 ./Drivers/STM32G0xx_HAL_Driver/Src/stm32g0xx_hal_tim.o
 .text.TIM_ITRx_SetConfig
                0x08003af0       0x38 ./Drivers/STM32G0xx_HAL_Driver/Src/stm32g0xx_hal_tim.o
 .text.TIM_ETR_SetConfig
                0x08003b28       0x40 ./Drivers/STM32G0xx_HAL_Driver/Src/stm32g0xx_hal_tim.o
                0x08003b28                TIM_ETR_SetConfig
 .text.TIM_CCxChannelCmd
                0x08003b68       0x46 ./Drivers/STM32G0xx_HAL_Driver/Src/stm32g0xx_hal_tim.o
                0x08003b68                TIM_CCxChannelCmd
 *fill*         0x08003bae        0x2 
 .text.HAL_TIMEx_MasterConfigSynchronization
                0x08003bb0       0xc4 ./Drivers/STM32G0xx_HAL_Driver/Src/stm32g0xx_hal_tim_ex.o
                0x08003bb0                HAL_TIMEx_MasterConfigSynchronization
 .text.HAL_TIMEx_ConfigBreakDeadTime
                0x08003c74      0x138 ./Drivers/STM32G0xx_HAL_Driver/Src/stm32g0xx_hal_tim_ex.o
                0x08003c74                HAL_TIMEx_ConfigBreakDeadTime
 .text.memset   0x08003dac       0x10 C:/ST/STM32CubeIDE_1.12.1/STM32CubeIDE/plugins/com.st.stm32cube.ide.mcu.externaltools.gnu-tools-for-stm32.13.3.rel1.win32_1.0.0.202411081344/tools/bin/../lib/gcc/arm-none-eabi/13.3.1/../../../../arm-none-eabi/lib/thumb/v6-m/nofp\libc_nano.a(libc_a-memset.o)
                0x08003dac                memset
 .text.__libc_init_array
                0x08003dbc       0x48 C:/ST/STM32CubeIDE_1.12.1/STM32CubeIDE/plugins/com.st.stm32cube.ide.mcu.externaltools.gnu-tools-for-stm32.13.3.rel1.win32_1.0.0.202411081344/tools/bin/../lib/gcc/arm-none-eabi/13.3.1/../../../../arm-none-eabi/lib/thumb/v6-m/nofp\libc_nano.a(libc_a-init.o)
                0x08003dbc                __libc_init_array
 *(.glue_7)
 .glue_7        0x08003e04        0x0 linker stubs
 *(.glue_7t)
 .glue_7t       0x08003e04        0x0 linker stubs
 *(.eh_frame)
 .eh_frame      0x08003e04        0x0 C:/ST/STM32CubeIDE_1.12.1/STM32CubeIDE/plugins/com.st.stm32cube.ide.mcu.externaltools.gnu-tools-for-stm32.13.3.rel1.win32_1.0.0.202411081344/tools/bin/../lib/gcc/arm-none-eabi/13.3.1/thumb/v6-m/nofp/crtbegin.o
 *(.init)
 .init          0x08003e04        0x4 C:/ST/STM32CubeIDE_1.12.1/STM32CubeIDE/plugins/com.st.stm32cube.ide.mcu.externaltools.gnu-tools-for-stm32.13.3.rel1.win32_1.0.0.202411081344/tools/bin/../lib/gcc/arm-none-eabi/13.3.1/thumb/v6-m/nofp/crti.o
                0x08003e04                _init
 .init          0x08003e08        0x8 C:/ST/STM32CubeIDE_1.12.1/STM32CubeIDE/plugins/com.st.stm32cube.ide.mcu.externaltools.gnu-tools-for-stm32.13.3.rel1.win32_1.0.0.202411081344/tools/bin/../lib/gcc/arm-none-eabi/13.3.1/thumb/v6-m/nofp/crtn.o
 *(.fini)
 .fini          0x08003e10        0x4 C:/ST/STM32CubeIDE_1.12.1/STM32CubeIDE/plugins/com.st.stm32cube.ide.mcu.externaltools.gnu-tools-for-stm32.13.3.rel1.win32_1.0.0.202411081344/tools/bin/../lib/gcc/arm-none-eabi/13.3.1/thumb/v6-m/nofp/crti.o
                0x08003e10                _fini
 .fini          0x08003e14        0x8 C:/ST/STM32CubeIDE_1.12.1/STM32CubeIDE/plugins/com.st.stm32cube.ide.mcu.externaltools.gnu-tools-for-stm32.13.3.rel1.win32_1.0.0.202411081344/tools/bin/../lib/gcc/arm-none-eabi/13.3.1/thumb/v6-m/nofp/crtn.o
                0x08003e1c                        . = ALIGN (0x4)
                0x08003e1c                        _etext = .

.vfp11_veneer   0x08003e1c        0x0
 .vfp11_veneer  0x08003e1c        0x0 linker stubs

.v4_bx          0x08003e1c        0x0
 .v4_bx         0x08003e1c        0x0 linker stubs

.iplt           0x08003e1c        0x0
 .iplt          0x08003e1c        0x0 C:/ST/STM32CubeIDE_1.12.1/STM32CubeIDE/plugins/com.st.stm32cube.ide.mcu.externaltools.gnu-tools-for-stm32.13.3.rel1.win32_1.0.0.202411081344/tools/bin/../lib/gcc/arm-none-eabi/13.3.1/thumb/v6-m/nofp/crtbegin.o

.rodata         0x08003e1c       0xc8
                0x08003e1c                        . = ALIGN (0x4)
 *(.rodata)
 *(.rodata*)
 .rodata.ELEVATOR_MainLoop
                0x08003e1c       0x20 ./Core/Src/elevator.o
 .rodata.HAL_IsAtFloor
                0x08003e3c       0x14 ./Core/Src/hal_config.o
 .rodata.AHBPrescTable
                0x08003e50       0x40 ./Core/Src/system_stm32g0xx.o
                0x08003e50                AHBPrescTable
 .rodata.HAL_TIM_OC_ConfigChannel
                0x08003e90       0x54 ./Drivers/STM32G0xx_HAL_Driver/Src/stm32g0xx_hal_tim.o
                0x08003ee4                        . = ALIGN (0x4)

.ARM.extab      0x08003ee4        0x0
                0x08003ee4                        . = ALIGN (0x4)
 *(.ARM.extab* .gnu.linkonce.armextab.*)
                0x08003ee4                        . = ALIGN (0x4)

.ARM            0x08003ee4        0x0
                0x08003ee4                        . = ALIGN (0x4)
                0x08003ee4                        __exidx_start = .
 *(.ARM.exidx*)
                0x08003ee4                        __exidx_end = .
                0x08003ee4                        . = ALIGN (0x4)

.preinit_array  0x08003ee4        0x0
                0x08003ee4                        . = ALIGN (0x4)
                0x08003ee4                        PROVIDE (__preinit_array_start = .)
 *(.preinit_array*)
                0x08003ee4                        PROVIDE (__preinit_array_end = .)
                0x08003ee4                        . = ALIGN (0x4)

.init_array     0x08003ee4        0x4
                0x08003ee4                        . = ALIGN (0x4)
                0x08003ee4                        PROVIDE (__init_array_start = .)
 *(SORT_BY_NAME(.init_array.*))
 *(.init_array*)
 .init_array    0x08003ee4        0x4 C:/ST/STM32CubeIDE_1.12.1/STM32CubeIDE/plugins/com.st.stm32cube.ide.mcu.externaltools.gnu-tools-for-stm32.13.3.rel1.win32_1.0.0.202411081344/tools/bin/../lib/gcc/arm-none-eabi/13.3.1/thumb/v6-m/nofp/crtbegin.o
                0x08003ee8                        PROVIDE (__init_array_end = .)
                0x08003ee8                        . = ALIGN (0x4)

.fini_array     0x08003ee8        0x4
                0x08003ee8                        . = ALIGN (0x4)
                [!provide]                        PROVIDE (__fini_array_start = .)
 *(SORT_BY_NAME(.fini_array.*))
 *(.fini_array*)
 .fini_array    0x08003ee8        0x4 C:/ST/STM32CubeIDE_1.12.1/STM32CubeIDE/plugins/com.st.stm32cube.ide.mcu.externaltools.gnu-tools-for-stm32.13.3.rel1.win32_1.0.0.202411081344/tools/bin/../lib/gcc/arm-none-eabi/13.3.1/thumb/v6-m/nofp/crtbegin.o
                [!provide]                        PROVIDE (__fini_array_end = .)
                0x08003eec                        . = ALIGN (0x4)
                0x08003eec                        _sidata = LOADADDR (.data)

.rel.dyn        0x08003eec        0x0
 .rel.iplt      0x08003eec        0x0 C:/ST/STM32CubeIDE_1.12.1/STM32CubeIDE/plugins/com.st.stm32cube.ide.mcu.externaltools.gnu-tools-for-stm32.13.3.rel1.win32_1.0.0.202411081344/tools/bin/../lib/gcc/arm-none-eabi/13.3.1/thumb/v6-m/nofp/crtbegin.o

.data           0x20000000        0xc load address 0x08003eec
                0x20000000                        . = ALIGN (0x4)
                0x20000000                        _sdata = .
 *(.data)
 *(.data*)
 .data.SystemCoreClock
                0x20000000        0x4 ./Core/Src/system_stm32g0xx.o
                0x20000000                SystemCoreClock
 .data.uwTickPrio
                0x20000004        0x4 ./Drivers/STM32G0xx_HAL_Driver/Src/stm32g0xx_hal.o
                0x20000004                uwTickPrio
 .data.uwTickFreq
                0x20000008        0x1 ./Drivers/STM32G0xx_HAL_Driver/Src/stm32g0xx_hal.o
                0x20000008                uwTickFreq
 *(.RamFunc)
 *(.RamFunc*)
                0x2000000c                        . = ALIGN (0x4)
 *fill*         0x20000009        0x3 
                0x2000000c                        _edata = .

.igot.plt       0x2000000c        0x0 load address 0x08003ef8
 .igot.plt      0x2000000c        0x0 C:/ST/STM32CubeIDE_1.12.1/STM32CubeIDE/plugins/com.st.stm32cube.ide.mcu.externaltools.gnu-tools-for-stm32.13.3.rel1.win32_1.0.0.202411081344/tools/bin/../lib/gcc/arm-none-eabi/13.3.1/thumb/v6-m/nofp/crtbegin.o
                0x2000000c                        . = ALIGN (0x4)

.bss            0x2000000c       0xe0 load address 0x08003ef8
                0x2000000c                        _sbss = .
                0x2000000c                        __bss_start__ = _sbss
 *(.bss)
 .bss           0x2000000c       0x1c C:/ST/STM32CubeIDE_1.12.1/STM32CubeIDE/plugins/com.st.stm32cube.ide.mcu.externaltools.gnu-tools-for-stm32.13.3.rel1.win32_1.0.0.202411081344/tools/bin/../lib/gcc/arm-none-eabi/13.3.1/thumb/v6-m/nofp/crtbegin.o
 *(.bss*)
 .bss.g_elevator
                0x20000028       0x10 ./Core/Src/elevator.o
                0x20000028                g_elevator
 .bss.hadc1     0x20000038       0x64 ./Core/Src/main.o
                0x20000038                hadc1
 .bss.htim1     0x2000009c       0x4c ./Core/Src/main.o
                0x2000009c                htim1
 .bss.uwTick    0x200000e8        0x4 ./Drivers/STM32G0xx_HAL_Driver/Src/stm32g0xx_hal.o
                0x200000e8                uwTick
 *(COMMON)
                0x200000ec                        . = ALIGN (0x4)
                0x200000ec                        _ebss = .
                0x200000ec                        __bss_end__ = _ebss

._user_heap_stack
                0x200000ec      0x604 load address 0x08003ef8
                0x200000f0                        . = ALIGN (0x8)
 *fill*         0x200000ec        0x4 
                [!provide]                        PROVIDE (end = .)
                0x200000f0                        PROVIDE (_end = .)
                0x200002f0                        . = (. + _Min_Heap_Size)
 *fill*         0x200000f0      0x200 
                0x200006f0                        . = (. + _Min_Stack_Size)
 *fill*         0x200002f0      0x400 
                0x200006f0                        . = ALIGN (0x8)

/DISCARD/
 libc.a(*)
 libm.a(*)
 libgcc.a(*)

.ARM.attributes
                0x00000000       0x28
 *(.ARM.attributes)
 .ARM.attributes
                0x00000000       0x1e C:/ST/STM32CubeIDE_1.12.1/STM32CubeIDE/plugins/com.st.stm32cube.ide.mcu.externaltools.gnu-tools-for-stm32.13.3.rel1.win32_1.0.0.202411081344/tools/bin/../lib/gcc/arm-none-eabi/13.3.1/thumb/v6-m/nofp/crti.o
 .ARM.attributes
                0x0000001e       0x2c C:/ST/STM32CubeIDE_1.12.1/STM32CubeIDE/plugins/com.st.stm32cube.ide.mcu.externaltools.gnu-tools-for-stm32.13.3.rel1.win32_1.0.0.202411081344/tools/bin/../lib/gcc/arm-none-eabi/13.3.1/thumb/v6-m/nofp/crtbegin.o
 .ARM.attributes
                0x0000004a       0x2c ./Core/Src/elevator.o
 .ARM.attributes
                0x00000076       0x2c ./Core/Src/hal_config.o
 .ARM.attributes
                0x000000a2       0x2c ./Core/Src/main.o
 .ARM.attributes
                0x000000ce       0x2c ./Core/Src/stm32g0xx_hal_msp.o
 .ARM.attributes
                0x000000fa       0x2c ./Core/Src/stm32g0xx_it.o
 .ARM.attributes
                0x00000126       0x2c ./Core/Src/system_stm32g0xx.o
 .ARM.attributes
                0x00000152       0x22 ./Core/Startup/startup_stm32g030c8tx.o
 .ARM.attributes
                0x00000174       0x2c ./Drivers/STM32G0xx_HAL_Driver/Src/stm32g0xx_hal.o
 .ARM.attributes
                0x000001a0       0x2c ./Drivers/STM32G0xx_HAL_Driver/Src/stm32g0xx_hal_adc.o
 .ARM.attributes
                0x000001cc       0x2c ./Drivers/STM32G0xx_HAL_Driver/Src/stm32g0xx_hal_cortex.o
 .ARM.attributes
                0x000001f8       0x2c ./Drivers/STM32G0xx_HAL_Driver/Src/stm32g0xx_hal_gpio.o
 .ARM.attributes
                0x00000224       0x2c ./Drivers/STM32G0xx_HAL_Driver/Src/stm32g0xx_hal_pwr.o
 .ARM.attributes
                0x00000250       0x2c ./Drivers/STM32G0xx_HAL_Driver/Src/stm32g0xx_hal_pwr_ex.o
 .ARM.attributes
                0x0000027c       0x2c ./Drivers/STM32G0xx_HAL_Driver/Src/stm32g0xx_hal_rcc.o
 .ARM.attributes
                0x000002a8       0x2c ./Drivers/STM32G0xx_HAL_Driver/Src/stm32g0xx_hal_tim.o
 .ARM.attributes
                0x000002d4       0x2c ./Drivers/STM32G0xx_HAL_Driver/Src/stm32g0xx_hal_tim_ex.o
 .ARM.attributes
                0x00000300       0x2c C:/ST/STM32CubeIDE_1.12.1/STM32CubeIDE/plugins/com.st.stm32cube.ide.mcu.externaltools.gnu-tools-for-stm32.13.3.rel1.win32_1.0.0.202411081344/tools/bin/../lib/gcc/arm-none-eabi/13.3.1/../../../../arm-none-eabi/lib/thumb/v6-m/nofp\libc_nano.a(libc_a-memset.o)
 .ARM.attributes
                0x0000032c       0x2c C:/ST/STM32CubeIDE_1.12.1/STM32CubeIDE/plugins/com.st.stm32cube.ide.mcu.externaltools.gnu-tools-for-stm32.13.3.rel1.win32_1.0.0.202411081344/tools/bin/../lib/gcc/arm-none-eabi/13.3.1/../../../../arm-none-eabi/lib/thumb/v6-m/nofp\libc_nano.a(libc_a-init.o)
 .ARM.attributes
                0x00000358       0x1e C:/ST/STM32CubeIDE_1.12.1/STM32CubeIDE/plugins/com.st.stm32cube.ide.mcu.externaltools.gnu-tools-for-stm32.13.3.rel1.win32_1.0.0.202411081344/tools/bin/../lib/gcc/arm-none-eabi/13.3.1/thumb/v6-m/nofp\libgcc.a(_udivsi3.o)
 .ARM.attributes
                0x00000376       0x1e C:/ST/STM32CubeIDE_1.12.1/STM32CubeIDE/plugins/com.st.stm32cube.ide.mcu.externaltools.gnu-tools-for-stm32.13.3.rel1.win32_1.0.0.202411081344/tools/bin/../lib/gcc/arm-none-eabi/13.3.1/thumb/v6-m/nofp\libgcc.a(_dvmd_tls.o)
 .ARM.attributes
                0x00000394       0x1e C:/ST/STM32CubeIDE_1.12.1/STM32CubeIDE/plugins/com.st.stm32cube.ide.mcu.externaltools.gnu-tools-for-stm32.13.3.rel1.win32_1.0.0.202411081344/tools/bin/../lib/gcc/arm-none-eabi/13.3.1/thumb/v6-m/nofp/crtn.o
OUTPUT(Elevator.elf elf32-littlearm)
LOAD linker stubs
LOAD C:/ST/STM32CubeIDE_1.12.1/STM32CubeIDE/plugins/com.st.stm32cube.ide.mcu.externaltools.gnu-tools-for-stm32.13.3.rel1.win32_1.0.0.202411081344/tools/bin/../lib/gcc/arm-none-eabi/13.3.1/../../../../arm-none-eabi/lib/thumb/v6-m/nofp\libc.a
LOAD C:/ST/STM32CubeIDE_1.12.1/STM32CubeIDE/plugins/com.st.stm32cube.ide.mcu.externaltools.gnu-tools-for-stm32.13.3.rel1.win32_1.0.0.202411081344/tools/bin/../lib/gcc/arm-none-eabi/13.3.1/../../../../arm-none-eabi/lib/thumb/v6-m/nofp\libm.a
LOAD C:/ST/STM32CubeIDE_1.12.1/STM32CubeIDE/plugins/com.st.stm32cube.ide.mcu.externaltools.gnu-tools-for-stm32.13.3.rel1.win32_1.0.0.202411081344/tools/bin/../lib/gcc/arm-none-eabi/13.3.1/thumb/v6-m/nofp\libgcc.a

.debug_info     0x00000000     0xc2e6
 .debug_info    0x00000000      0x369 ./Core/Src/elevator.o
 .debug_info    0x00000369      0xee4 ./Core/Src/hal_config.o
 .debug_info    0x0000124d     0x1722 ./Core/Src/main.o
 .debug_info    0x0000296f      0xebe ./Core/Src/stm32g0xx_hal_msp.o
 .debug_info    0x0000382d      0x170 ./Core/Src/stm32g0xx_it.o
 .debug_info    0x0000399d      0x316 ./Core/Src/system_stm32g0xx.o
 .debug_info    0x00003cb3       0x30 ./Core/Startup/startup_stm32g030c8tx.o
 .debug_info    0x00003ce3      0x8f0 ./Drivers/STM32G0xx_HAL_Driver/Src/stm32g0xx_hal.o
 .debug_info    0x000045d3     0x155e ./Drivers/STM32G0xx_HAL_Driver/Src/stm32g0xx_hal_adc.o
 .debug_info    0x00005b31      0x8a9 ./Drivers/STM32G0xx_HAL_Driver/Src/stm32g0xx_hal_cortex.o
 .debug_info    0x000063da      0x59d ./Drivers/STM32G0xx_HAL_Driver/Src/stm32g0xx_hal_gpio.o
 .debug_info    0x00006977      0x5aa ./Drivers/STM32G0xx_HAL_Driver/Src/stm32g0xx_hal_pwr.o
 .debug_info    0x00006f21      0x496 ./Drivers/STM32G0xx_HAL_Driver/Src/stm32g0xx_hal_pwr_ex.o
 .debug_info    0x000073b7      0xad0 ./Drivers/STM32G0xx_HAL_Driver/Src/stm32g0xx_hal_rcc.o
 .debug_info    0x00007e87     0x2ba7 ./Drivers/STM32G0xx_HAL_Driver/Src/stm32g0xx_hal_tim.o
 .debug_info    0x0000aa2e     0x18b8 ./Drivers/STM32G0xx_HAL_Driver/Src/stm32g0xx_hal_tim_ex.o

.debug_abbrev   0x00000000     0x1f63
 .debug_abbrev  0x00000000      0x1be ./Core/Src/elevator.o
 .debug_abbrev  0x000001be      0x225 ./Core/Src/hal_config.o
 .debug_abbrev  0x000003e3      0x2de ./Core/Src/main.o
 .debug_abbrev  0x000006c1      0x1da ./Core/Src/stm32g0xx_hal_msp.o
 .debug_abbrev  0x0000089b       0xca ./Core/Src/stm32g0xx_it.o
 .debug_abbrev  0x00000965      0x119 ./Core/Src/system_stm32g0xx.o
 .debug_abbrev  0x00000a7e       0x24 ./Core/Startup/startup_stm32g030c8tx.o
 .debug_abbrev  0x00000aa2      0x2b4 ./Drivers/STM32G0xx_HAL_Driver/Src/stm32g0xx_hal.o
 .debug_abbrev  0x00000d56      0x267 ./Drivers/STM32G0xx_HAL_Driver/Src/stm32g0xx_hal_adc.o
 .debug_abbrev  0x00000fbd      0x2ab ./Drivers/STM32G0xx_HAL_Driver/Src/stm32g0xx_hal_cortex.o
 .debug_abbrev  0x00001268      0x1c3 ./Drivers/STM32G0xx_HAL_Driver/Src/stm32g0xx_hal_gpio.o
 .debug_abbrev  0x0000142b      0x172 ./Drivers/STM32G0xx_HAL_Driver/Src/stm32g0xx_hal_pwr.o
 .debug_abbrev  0x0000159d      0x1d7 ./Drivers/STM32G0xx_HAL_Driver/Src/stm32g0xx_hal_pwr_ex.o
 .debug_abbrev  0x00001774      0x2a9 ./Drivers/STM32G0xx_HAL_Driver/Src/stm32g0xx_hal_rcc.o
 .debug_abbrev  0x00001a1d      0x29b ./Drivers/STM32G0xx_HAL_Driver/Src/stm32g0xx_hal_tim.o
 .debug_abbrev  0x00001cb8      0x2ab ./Drivers/STM32G0xx_HAL_Driver/Src/stm32g0xx_hal_tim_ex.o

.debug_aranges  0x00000000      0xdc8
 .debug_aranges
                0x00000000       0x50 ./Core/Src/elevator.o
 .debug_aranges
                0x00000050       0xd8 ./Core/Src/hal_config.o
 .debug_aranges
                0x00000128       0x50 ./Core/Src/main.o
 .debug_aranges
                0x00000178       0x48 ./Core/Src/stm32g0xx_hal_msp.o
 .debug_aranges
                0x000001c0       0x58 ./Core/Src/stm32g0xx_it.o
 .debug_aranges
                0x00000218       0x28 ./Core/Src/system_stm32g0xx.o
 .debug_aranges
                0x00000240       0x28 ./Core/Startup/startup_stm32g030c8tx.o
 .debug_aranges
                0x00000268      0x100 ./Drivers/STM32G0xx_HAL_Driver/Src/stm32g0xx_hal.o
 .debug_aranges
                0x00000368      0x1f0 ./Drivers/STM32G0xx_HAL_Driver/Src/stm32g0xx_hal_adc.o
 .debug_aranges
                0x00000558       0xe8 ./Drivers/STM32G0xx_HAL_Driver/Src/stm32g0xx_hal_cortex.o
 .debug_aranges
                0x00000640       0x60 ./Drivers/STM32G0xx_HAL_Driver/Src/stm32g0xx_hal_gpio.o
 .debug_aranges
                0x000006a0       0x78 ./Drivers/STM32G0xx_HAL_Driver/Src/stm32g0xx_hal_pwr.o
 .debug_aranges
                0x00000718       0x98 ./Drivers/STM32G0xx_HAL_Driver/Src/stm32g0xx_hal_pwr_ex.o
 .debug_aranges
                0x000007b0       0xa0 ./Drivers/STM32G0xx_HAL_Driver/Src/stm32g0xx_hal_rcc.o
 .debug_aranges
                0x00000850      0x3e0 ./Drivers/STM32G0xx_HAL_Driver/Src/stm32g0xx_hal_tim.o
 .debug_aranges
                0x00000c30      0x198 ./Drivers/STM32G0xx_HAL_Driver/Src/stm32g0xx_hal_tim_ex.o

.debug_rnglists
                0x00000000      0xa98
 .debug_rnglists
                0x00000000       0x39 ./Core/Src/elevator.o
 .debug_rnglists
                0x00000039       0x9f ./Core/Src/hal_config.o
 .debug_rnglists
                0x000000d8       0x3c ./Core/Src/main.o
 .debug_rnglists
                0x00000114       0x32 ./Core/Src/stm32g0xx_hal_msp.o
 .debug_rnglists
                0x00000146       0x3d ./Core/Src/stm32g0xx_it.o
 .debug_rnglists
                0x00000183       0x1a ./Core/Src/system_stm32g0xx.o
 .debug_rnglists
                0x0000019d       0x19 ./Core/Startup/startup_stm32g030c8tx.o
 .debug_rnglists
                0x000001b6       0xbc ./Drivers/STM32G0xx_HAL_Driver/Src/stm32g0xx_hal.o
 .debug_rnglists
                0x00000272      0x17f ./Drivers/STM32G0xx_HAL_Driver/Src/stm32g0xx_hal_adc.o
 .debug_rnglists
                0x000003f1       0xaa ./Drivers/STM32G0xx_HAL_Driver/Src/stm32g0xx_hal_cortex.o
 .debug_rnglists
                0x0000049b       0x45 ./Drivers/STM32G0xx_HAL_Driver/Src/stm32g0xx_hal_gpio.o
 .debug_rnglists
                0x000004e0       0x55 ./Drivers/STM32G0xx_HAL_Driver/Src/stm32g0xx_hal_pwr.o
 .debug_rnglists
                0x00000535       0x72 ./Drivers/STM32G0xx_HAL_Driver/Src/stm32g0xx_hal_pwr_ex.o
 .debug_rnglists
                0x000005a7       0x79 ./Drivers/STM32G0xx_HAL_Driver/Src/stm32g0xx_hal_rcc.o
 .debug_rnglists
                0x00000620      0x32a ./Drivers/STM32G0xx_HAL_Driver/Src/stm32g0xx_hal_tim.o
 .debug_rnglists
                0x0000094a      0x14e ./Drivers/STM32G0xx_HAL_Driver/Src/stm32g0xx_hal_tim_ex.o

.debug_macro    0x00000000    0x15b29
 .debug_macro   0x00000000      0x219 ./Core/Src/elevator.o
 .debug_macro   0x00000219      0xaae ./Core/Src/elevator.o
 .debug_macro   0x00000cc7      0x11d ./Core/Src/elevator.o
 .debug_macro   0x00000de4       0x2e ./Core/Src/elevator.o
 .debug_macro   0x00000e12       0x28 ./Core/Src/elevator.o
 .debug_macro   0x00000e3a       0x22 ./Core/Src/elevator.o
 .debug_macro   0x00000e5c       0x8e ./Core/Src/elevator.o
 .debug_macro   0x00000eea       0x51 ./Core/Src/elevator.o
 .debug_macro   0x00000f3b      0x103 ./Core/Src/elevator.o
 .debug_macro   0x0000103e       0x6a ./Core/Src/elevator.o
 .debug_macro   0x000010a8      0x1df ./Core/Src/elevator.o
 .debug_macro   0x00001287       0x1c ./Core/Src/elevator.o
 .debug_macro   0x000012a3       0x22 ./Core/Src/elevator.o
 .debug_macro   0x000012c5       0xd1 ./Core/Src/elevator.o
 .debug_macro   0x00001396      0x4da ./Core/Src/elevator.o
 .debug_macro   0x00001870      0x11f ./Core/Src/elevator.o
 .debug_macro   0x0000198f     0xa0e8 ./Core/Src/elevator.o
 .debug_macro   0x0000ba77       0x66 ./Core/Src/elevator.o
 .debug_macro   0x0000badd     0x350e ./Core/Src/elevator.o
 .debug_macro   0x0000efeb      0x190 ./Core/Src/elevator.o
 .debug_macro   0x0000f17b       0x5c ./Core/Src/elevator.o
 .debug_macro   0x0000f1d7      0x462 ./Core/Src/elevator.o
 .debug_macro   0x0000f639      0xe1a ./Core/Src/elevator.o
 .debug_macro   0x00010453      0x106 ./Core/Src/elevator.o
 .debug_macro   0x00010559      0x1cf ./Core/Src/elevator.o
 .debug_macro   0x00010728       0xff ./Core/Src/elevator.o
 .debug_macro   0x00010827      0x33c ./Core/Src/elevator.o
 .debug_macro   0x00010b63      0x202 ./Core/Src/elevator.o
 .debug_macro   0x00010d65      0x2c7 ./Core/Src/elevator.o
 .debug_macro   0x0001102c      0x198 ./Core/Src/elevator.o
 .debug_macro   0x000111c4       0x43 ./Core/Src/elevator.o
 .debug_macro   0x00011207      0x1f1 ./Core/Src/elevator.o
 .debug_macro   0x000113f8      0x8a1 ./Core/Src/elevator.o
 .debug_macro   0x00011c99      0x5ad ./Core/Src/elevator.o
 .debug_macro   0x00012246       0x2e ./Core/Src/elevator.o
 .debug_macro   0x00012274      0x1d6 ./Core/Src/elevator.o
 .debug_macro   0x0001244a      0x2a3 ./Core/Src/elevator.o
 .debug_macro   0x000126ed       0x28 ./Core/Src/elevator.o
 .debug_macro   0x00012715       0xcf ./Core/Src/elevator.o
 .debug_macro   0x000127e4       0xff ./Core/Src/elevator.o
 .debug_macro   0x000128e3      0x10d ./Core/Src/elevator.o
 .debug_macro   0x000129f0      0xac2 ./Core/Src/elevator.o
 .debug_macro   0x000134b2       0xfa ./Core/Src/elevator.o
 .debug_macro   0x000135ac      0x412 ./Core/Src/elevator.o
 .debug_macro   0x000139be      0x1ce ./Core/Src/elevator.o
 .debug_macro   0x00013b8c      0x166 ./Core/Src/elevator.o
 .debug_macro   0x00013cf2      0x215 ./Core/Src/hal_config.o
 .debug_macro   0x00013f07      0x223 ./Core/Src/main.o
 .debug_macro   0x0001412a      0x1c8 ./Core/Src/main.o
 .debug_macro   0x000142f2      0x202 ./Core/Src/stm32g0xx_hal_msp.o
 .debug_macro   0x000144f4      0x20c ./Core/Src/stm32g0xx_it.o
 .debug_macro   0x00014700      0x1f3 ./Core/Src/system_stm32g0xx.o
 .debug_macro   0x000148f3      0x211 ./Drivers/STM32G0xx_HAL_Driver/Src/stm32g0xx_hal.o
 .debug_macro   0x00014b04      0x217 ./Drivers/STM32G0xx_HAL_Driver/Src/stm32g0xx_hal_adc.o
 .debug_macro   0x00014d1b      0x1f3 ./Drivers/STM32G0xx_HAL_Driver/Src/stm32g0xx_hal_cortex.o
 .debug_macro   0x00014f0e      0x1fa ./Drivers/STM32G0xx_HAL_Driver/Src/stm32g0xx_hal_gpio.o
 .debug_macro   0x00015108      0x1f3 ./Drivers/STM32G0xx_HAL_Driver/Src/stm32g0xx_hal_pwr.o
 .debug_macro   0x000152fb      0x205 ./Drivers/STM32G0xx_HAL_Driver/Src/stm32g0xx_hal_pwr_ex.o
 .debug_macro   0x00015500      0x235 ./Drivers/STM32G0xx_HAL_Driver/Src/stm32g0xx_hal_rcc.o
 .debug_macro   0x00015735      0x1fb ./Drivers/STM32G0xx_HAL_Driver/Src/stm32g0xx_hal_tim.o
 .debug_macro   0x00015930      0x1f9 ./Drivers/STM32G0xx_HAL_Driver/Src/stm32g0xx_hal_tim_ex.o

.debug_line     0x00000000     0xf157
 .debug_line    0x00000000      0xa9a ./Core/Src/elevator.o
 .debug_line    0x00000a9a      0xaa6 ./Core/Src/hal_config.o
 .debug_line    0x00001540      0xc90 ./Core/Src/main.o
 .debug_line    0x000021d0      0x84c ./Core/Src/stm32g0xx_hal_msp.o
 .debug_line    0x00002a1c      0x84f ./Core/Src/stm32g0xx_it.o
 .debug_line    0x0000326b      0x810 ./Core/Src/system_stm32g0xx.o
 .debug_line    0x00003a7b       0x7b ./Core/Startup/startup_stm32g030c8tx.o
 .debug_line    0x00003af6      0xad3 ./Drivers/STM32G0xx_HAL_Driver/Src/stm32g0xx_hal.o
 .debug_line    0x000045c9     0x197c ./Drivers/STM32G0xx_HAL_Driver/Src/stm32g0xx_hal_adc.o
 .debug_line    0x00005f45      0xbeb ./Drivers/STM32G0xx_HAL_Driver/Src/stm32g0xx_hal_cortex.o
 .debug_line    0x00006b30      0xba7 ./Drivers/STM32G0xx_HAL_Driver/Src/stm32g0xx_hal_gpio.o
 .debug_line    0x000076d7      0x8fc ./Drivers/STM32G0xx_HAL_Driver/Src/stm32g0xx_hal_pwr.o
 .debug_line    0x00007fd3      0x9e1 ./Drivers/STM32G0xx_HAL_Driver/Src/stm32g0xx_hal_pwr_ex.o
 .debug_line    0x000089b4     0x1011 ./Drivers/STM32G0xx_HAL_Driver/Src/stm32g0xx_hal_rcc.o
 .debug_line    0x000099c5     0x3c05 ./Drivers/STM32G0xx_HAL_Driver/Src/stm32g0xx_hal_tim.o
 .debug_line    0x0000d5ca     0x1b8d ./Drivers/STM32G0xx_HAL_Driver/Src/stm32g0xx_hal_tim_ex.o

.debug_str      0x00000000    0x8b37a
 .debug_str     0x00000000    0x8b37a ./Core/Src/elevator.o
                              0x87bd2 (size before relaxing)
 .debug_str     0x0008b37a    0x88436 ./Core/Src/hal_config.o
 .debug_str     0x0008b37a    0x88af3 ./Core/Src/main.o
 .debug_str     0x0008b37a    0x88203 ./Core/Src/stm32g0xx_hal_msp.o
 .debug_str     0x0008b37a    0x878ac ./Core/Src/stm32g0xx_it.o
 .debug_str     0x0008b37a    0x8703c ./Core/Src/system_stm32g0xx.o
 .debug_str     0x0008b37a       0x77 ./Core/Startup/startup_stm32g030c8tx.o
 .debug_str     0x0008b37a    0x876c7 ./Drivers/STM32G0xx_HAL_Driver/Src/stm32g0xx_hal.o
 .debug_str     0x0008b37a    0x87df7 ./Drivers/STM32G0xx_HAL_Driver/Src/stm32g0xx_hal_adc.o
 .debug_str     0x0008b37a    0x8748e ./Drivers/STM32G0xx_HAL_Driver/Src/stm32g0xx_hal_cortex.o
 .debug_str     0x0008b37a    0x87171 ./Drivers/STM32G0xx_HAL_Driver/Src/stm32g0xx_hal_gpio.o
 .debug_str     0x0008b37a    0x87231 ./Drivers/STM32G0xx_HAL_Driver/Src/stm32g0xx_hal_pwr.o
 .debug_str     0x0008b37a    0x87290 ./Drivers/STM32G0xx_HAL_Driver/Src/stm32g0xx_hal_pwr_ex.o
 .debug_str     0x0008b37a    0x87760 ./Drivers/STM32G0xx_HAL_Driver/Src/stm32g0xx_hal_rcc.o
 .debug_str     0x0008b37a    0x8857e ./Drivers/STM32G0xx_HAL_Driver/Src/stm32g0xx_hal_tim.o
 .debug_str     0x0008b37a    0x87f0c ./Drivers/STM32G0xx_HAL_Driver/Src/stm32g0xx_hal_tim_ex.o

.comment        0x00000000       0x43
 .comment       0x00000000       0x43 ./Core/Src/elevator.o
                                 0x44 (size before relaxing)
 .comment       0x00000043       0x44 ./Core/Src/hal_config.o
 .comment       0x00000043       0x44 ./Core/Src/main.o
 .comment       0x00000043       0x44 ./Core/Src/stm32g0xx_hal_msp.o
 .comment       0x00000043       0x44 ./Core/Src/stm32g0xx_it.o
 .comment       0x00000043       0x44 ./Core/Src/system_stm32g0xx.o
 .comment       0x00000043       0x44 ./Drivers/STM32G0xx_HAL_Driver/Src/stm32g0xx_hal.o
 .comment       0x00000043       0x44 ./Drivers/STM32G0xx_HAL_Driver/Src/stm32g0xx_hal_adc.o
 .comment       0x00000043       0x44 ./Drivers/STM32G0xx_HAL_Driver/Src/stm32g0xx_hal_cortex.o
 .comment       0x00000043       0x44 ./Drivers/STM32G0xx_HAL_Driver/Src/stm32g0xx_hal_gpio.o
 .comment       0x00000043       0x44 ./Drivers/STM32G0xx_HAL_Driver/Src/stm32g0xx_hal_pwr.o
 .comment       0x00000043       0x44 ./Drivers/STM32G0xx_HAL_Driver/Src/stm32g0xx_hal_pwr_ex.o
 .comment       0x00000043       0x44 ./Drivers/STM32G0xx_HAL_Driver/Src/stm32g0xx_hal_rcc.o
 .comment       0x00000043       0x44 ./Drivers/STM32G0xx_HAL_Driver/Src/stm32g0xx_hal_tim.o
 .comment       0x00000043       0x44 ./Drivers/STM32G0xx_HAL_Driver/Src/stm32g0xx_hal_tim_ex.o

.debug_frame    0x00000000     0x3130
 .debug_frame   0x00000000       0xe0 ./Core/Src/elevator.o
 .debug_frame   0x000000e0      0x2c0 ./Core/Src/hal_config.o
 .debug_frame   0x000003a0       0xe8 ./Core/Src/main.o
 .debug_frame   0x00000488       0xd0 ./Core/Src/stm32g0xx_hal_msp.o
 .debug_frame   0x00000558       0xf0 ./Core/Src/stm32g0xx_it.o
 .debug_frame   0x00000648       0x4c ./Core/Src/system_stm32g0xx.o
 .debug_frame   0x00000694      0x360 ./Drivers/STM32G0xx_HAL_Driver/Src/stm32g0xx_hal.o
 .debug_frame   0x000009f4      0x78c ./Drivers/STM32G0xx_HAL_Driver/Src/stm32g0xx_hal_adc.o
 .debug_frame   0x00001180      0x33c ./Drivers/STM32G0xx_HAL_Driver/Src/stm32g0xx_hal_cortex.o
 .debug_frame   0x000014bc      0x130 ./Drivers/STM32G0xx_HAL_Driver/Src/stm32g0xx_hal_gpio.o
 .debug_frame   0x000015ec      0x170 ./Drivers/STM32G0xx_HAL_Driver/Src/stm32g0xx_hal_pwr.o
 .debug_frame   0x0000175c      0x1f4 ./Drivers/STM32G0xx_HAL_Driver/Src/stm32g0xx_hal_pwr_ex.o
 .debug_frame   0x00001950      0x214 ./Drivers/STM32G0xx_HAL_Driver/Src/stm32g0xx_hal_rcc.o
 .debug_frame   0x00001b64      0xf40 ./Drivers/STM32G0xx_HAL_Driver/Src/stm32g0xx_hal_tim.o
 .debug_frame   0x00002aa4      0x620 ./Drivers/STM32G0xx_HAL_Driver/Src/stm32g0xx_hal_tim_ex.o
 .debug_frame   0x000030c4       0x20 C:/ST/STM32CubeIDE_1.12.1/STM32CubeIDE/plugins/com.st.stm32cube.ide.mcu.externaltools.gnu-tools-for-stm32.13.3.rel1.win32_1.0.0.202411081344/tools/bin/../lib/gcc/arm-none-eabi/13.3.1/../../../../arm-none-eabi/lib/thumb/v6-m/nofp\libc_nano.a(libc_a-memset.o)
 .debug_frame   0x000030e4       0x2c C:/ST/STM32CubeIDE_1.12.1/STM32CubeIDE/plugins/com.st.stm32cube.ide.mcu.externaltools.gnu-tools-for-stm32.13.3.rel1.win32_1.0.0.202411081344/tools/bin/../lib/gcc/arm-none-eabi/13.3.1/../../../../arm-none-eabi/lib/thumb/v6-m/nofp\libc_nano.a(libc_a-init.o)
 .debug_frame   0x00003110       0x20 C:/ST/STM32CubeIDE_1.12.1/STM32CubeIDE/plugins/com.st.stm32cube.ide.mcu.externaltools.gnu-tools-for-stm32.13.3.rel1.win32_1.0.0.202411081344/tools/bin/../lib/gcc/arm-none-eabi/13.3.1/thumb/v6-m/nofp\libgcc.a(_udivsi3.o)

.debug_line_str
                0x00000000       0x5b
 .debug_line_str
                0x00000000       0x5b ./Core/Startup/startup_stm32g030c8tx.o
