../Core/Src/lazer_isaretleyici.c:14:6:SetVisibleLazerPWM	16	static
../Core/Src/lazer_isaretleyici.c:18:6:SetVisibleFlashPWM	16	static
../Core/Src/lazer_isaretleyici.c:22:7:SetIRLazerPWM	16	static
../Core/Src/lazer_isaretleyici.c:26:6:SetIRFlashPWM	16	static
../Core/Src/lazer_isaretleyici.c:30:6:StartPWM	8	static
../Core/Src/lazer_isaretleyici.c:38:6:StartDMA	8	static
../Core/Src/lazer_isaretleyici.c:44:6:ChangeDeviceMode	16	static
../Core/Src/lazer_isaretleyici.c:49:6:DeviceModeHandler	8	static
