../Core/Src/main.c:68:5:FT24C02A_I2C_Write	40	static
../Core/Src/main.c:74:5:FT24C02A_I2C_Read	40	static
../Core/Src/main.c:80:6:FT24C02A_Init	8	static
../Core/Src/main.c:92:6:FT24C02A_Test	232	static
../Core/Src/main.c:241:5:__io_putchar	16	static
../Core/Src/main.c:247:5:_write	32	static
../Core/Src/main.c:262:5:main	8	static
../Core/Src/main.c:332:6:SystemClock_Config	88	static
../Core/Src/main.c:373:13:MX_I2C1_Init	8	static
../Core/Src/main.c:421:13:MX_USART2_UART_Init	8	static
../Core/Src/main.c:457:13:MX_GPIO_Init	16	static
../Core/Src/main.c:478:6:Error_Handler	8	static,ignoring_inline_asm
